Archive member included to satisfy reference by file (symbol)

c:/coding/c/gcc-arm-none-eabi-10.3-2021.10/bin/../lib/gcc/arm-none-eabi/10.3.1/../../../../arm-none-eabi/lib/thumb/v7-m/nofp\libg.a(lib_a-errno.o)
                              CMakeFiles/timer.elf.dir/Core/Src/syscalls.c.obj (__errno)
c:/coding/c/gcc-arm-none-eabi-10.3-2021.10/bin/../lib/gcc/arm-none-eabi/10.3.1/../../../../arm-none-eabi/lib/thumb/v7-m/nofp\libg.a(lib_a-exit.o)
                              c:/coding/c/gcc-arm-none-eabi-10.3-2021.10/bin/../lib/gcc/arm-none-eabi/10.3.1/../../../../arm-none-eabi/lib/thumb/v7-m/nofp/crt0.o (exit)
c:/coding/c/gcc-arm-none-eabi-10.3-2021.10/bin/../lib/gcc/arm-none-eabi/10.3.1/../../../../arm-none-eabi/lib/thumb/v7-m/nofp\libg.a(lib_a-impure.o)
                              c:/coding/c/gcc-arm-none-eabi-10.3-2021.10/bin/../lib/gcc/arm-none-eabi/10.3.1/../../../../arm-none-eabi/lib/thumb/v7-m/nofp\libg.a(lib_a-exit.o) (_global_impure_ptr)
c:/coding/c/gcc-arm-none-eabi-10.3-2021.10/bin/../lib/gcc/arm-none-eabi/10.3.1/../../../../arm-none-eabi/lib/thumb/v7-m/nofp\libg.a(lib_a-init.o)
                              c:/coding/c/gcc-arm-none-eabi-10.3-2021.10/bin/../lib/gcc/arm-none-eabi/10.3.1/../../../../arm-none-eabi/lib/thumb/v7-m/nofp/crt0.o (__libc_init_array)
c:/coding/c/gcc-arm-none-eabi-10.3-2021.10/bin/../lib/gcc/arm-none-eabi/10.3.1/../../../../arm-none-eabi/lib/thumb/v7-m/nofp\libg.a(lib_a-memset.o)
                              c:/coding/c/gcc-arm-none-eabi-10.3-2021.10/bin/../lib/gcc/arm-none-eabi/10.3.1/../../../../arm-none-eabi/lib/thumb/v7-m/nofp/crt0.o (memset)
c:/coding/c/gcc-arm-none-eabi-10.3-2021.10/bin/../lib/gcc/arm-none-eabi/10.3.1/../../../../arm-none-eabi/lib/thumb/v7-m/nofp\libg.a(lib_a-__call_atexit.o)
                              c:/coding/c/gcc-arm-none-eabi-10.3-2021.10/bin/../lib/gcc/arm-none-eabi/10.3.1/../../../../arm-none-eabi/lib/thumb/v7-m/nofp\libg.a(lib_a-exit.o) (__call_exitprocs)
c:/coding/c/gcc-arm-none-eabi-10.3-2021.10/bin/../lib/gcc/arm-none-eabi/10.3.1/../../../../arm-none-eabi/lib/thumb/v7-m/nofp\libg.a(lib_a-atexit.o)
                              c:/coding/c/gcc-arm-none-eabi-10.3-2021.10/bin/../lib/gcc/arm-none-eabi/10.3.1/../../../../arm-none-eabi/lib/thumb/v7-m/nofp\libg.a(lib_a-__call_atexit.o) (atexit)
c:/coding/c/gcc-arm-none-eabi-10.3-2021.10/bin/../lib/gcc/arm-none-eabi/10.3.1/../../../../arm-none-eabi/lib/thumb/v7-m/nofp\libg.a(lib_a-fini.o)
                              c:/coding/c/gcc-arm-none-eabi-10.3-2021.10/bin/../lib/gcc/arm-none-eabi/10.3.1/../../../../arm-none-eabi/lib/thumb/v7-m/nofp\libg.a(lib_a-__call_atexit.o) (__libc_fini_array)
c:/coding/c/gcc-arm-none-eabi-10.3-2021.10/bin/../lib/gcc/arm-none-eabi/10.3.1/../../../../arm-none-eabi/lib/thumb/v7-m/nofp\libg.a(lib_a-lock.o)
                              c:/coding/c/gcc-arm-none-eabi-10.3-2021.10/bin/../lib/gcc/arm-none-eabi/10.3.1/../../../../arm-none-eabi/lib/thumb/v7-m/nofp\libg.a(lib_a-__call_atexit.o) (__retarget_lock_acquire_recursive)
c:/coding/c/gcc-arm-none-eabi-10.3-2021.10/bin/../lib/gcc/arm-none-eabi/10.3.1/../../../../arm-none-eabi/lib/thumb/v7-m/nofp\libg.a(lib_a-__atexit.o)
                              c:/coding/c/gcc-arm-none-eabi-10.3-2021.10/bin/../lib/gcc/arm-none-eabi/10.3.1/../../../../arm-none-eabi/lib/thumb/v7-m/nofp\libg.a(lib_a-atexit.o) (__register_exitproc)

Discarded input sections

 .text          0x00000000        0x0 c:/coding/c/gcc-arm-none-eabi-10.3-2021.10/bin/../lib/gcc/arm-none-eabi/10.3.1/thumb/v7-m/nofp/crti.o
 .data          0x00000000        0x0 c:/coding/c/gcc-arm-none-eabi-10.3-2021.10/bin/../lib/gcc/arm-none-eabi/10.3.1/thumb/v7-m/nofp/crti.o
 .bss           0x00000000        0x0 c:/coding/c/gcc-arm-none-eabi-10.3-2021.10/bin/../lib/gcc/arm-none-eabi/10.3.1/thumb/v7-m/nofp/crti.o
 .data          0x00000000        0x4 c:/coding/c/gcc-arm-none-eabi-10.3-2021.10/bin/../lib/gcc/arm-none-eabi/10.3.1/thumb/v7-m/nofp/crtbegin.o
 .rodata        0x00000000       0x24 c:/coding/c/gcc-arm-none-eabi-10.3-2021.10/bin/../lib/gcc/arm-none-eabi/10.3.1/thumb/v7-m/nofp/crtbegin.o
 .text          0x00000000       0x7c c:/coding/c/gcc-arm-none-eabi-10.3-2021.10/bin/../lib/gcc/arm-none-eabi/10.3.1/../../../../arm-none-eabi/lib/thumb/v7-m/nofp/crt0.o
 .data          0x00000000        0x0 c:/coding/c/gcc-arm-none-eabi-10.3-2021.10/bin/../lib/gcc/arm-none-eabi/10.3.1/../../../../arm-none-eabi/lib/thumb/v7-m/nofp/crt0.o
 .bss           0x00000000        0x0 c:/coding/c/gcc-arm-none-eabi-10.3-2021.10/bin/../lib/gcc/arm-none-eabi/10.3.1/../../../../arm-none-eabi/lib/thumb/v7-m/nofp/crt0.o
 .ARM.extab     0x00000000        0x0 c:/coding/c/gcc-arm-none-eabi-10.3-2021.10/bin/../lib/gcc/arm-none-eabi/10.3.1/../../../../arm-none-eabi/lib/thumb/v7-m/nofp/crt0.o
 .ARM.exidx     0x00000000       0x10 c:/coding/c/gcc-arm-none-eabi-10.3-2021.10/bin/../lib/gcc/arm-none-eabi/10.3.1/../../../../arm-none-eabi/lib/thumb/v7-m/nofp/crt0.o
 .ARM.attributes
[...]
Memory Configuration

Name             Origin             Length             Attributes
RAM              0x20000000         0x00005000         xrw
FLASH            0x08000000         0x00020000         xr
*default*        0x00000000         0xffffffff

Linker script and memory map

LOAD c:/coding/c/gcc-arm-none-eabi-10.3-2021.10/bin/../lib/gcc/arm-none-eabi/10.3.1/thumb/v7-m/nofp/crti.o
LOAD c:/coding/c/gcc-arm-none-eabi-10.3-2021.10/bin/../lib/gcc/arm-none-eabi/10.3.1/thumb/v7-m/nofp/crtbegin.o
LOAD c:/coding/c/gcc-arm-none-eabi-10.3-2021.10/bin/../lib/gcc/arm-none-eabi/10.3.1/../../../../arm-none-eabi/lib/thumb/v7-m/nofp/crt0.o
LOAD CMakeFiles/timer.elf.dir/Core/Src/gpio.c.obj
LOAD CMakeFiles/timer.elf.dir/Core/Src/main.c.obj
LOAD CMakeFiles/timer.elf.dir/Core/Src/stm32f1xx_hal_msp.c.obj
LOAD CMakeFiles/timer.elf.dir/Core/Src/stm32f1xx_it.c.obj
LOAD CMakeFiles/timer.elf.dir/Core/Src/syscalls.c.obj
LOAD CMakeFiles/timer.elf.dir/Core/Src/sysmem.c.obj
LOAD CMakeFiles/timer.elf.dir/Core/Src/system_stm32f1xx.c.obj
LOAD CMakeFiles/timer.elf.dir/Core/Src/tim.c.obj
LOAD CMakeFiles/timer.elf.dir/Core/Startup/startup_stm32f103cbtx.s.obj
LOAD CMakeFiles/timer.elf.dir/Drivers/STM32F1xx_HAL_Driver/Src/stm32f1xx_hal.c.obj
LOAD CMakeFiles/timer.elf.dir/Drivers/STM32F1xx_HAL_Driver/Src/stm32f1xx_hal_cortex.c.obj
LOAD CMakeFiles/timer.elf.dir/Drivers/STM32F1xx_HAL_Driver/Src/stm32f1xx_hal_dma.c.obj
LOAD CMakeFiles/timer.elf.dir/Drivers/STM32F1xx_HAL_Driver/Src/stm32f1xx_hal_exti.c.obj
LOAD CMakeFiles/timer.elf.dir/Drivers/STM32F1xx_HAL_Driver/Src/stm32f1xx_hal_flash.c.obj
LOAD CMakeFiles/timer.elf.dir/Drivers/STM32F1xx_HAL_Driver/Src/stm32f1xx_hal_flash_ex.c.obj
LOAD CMakeFiles/timer.elf.dir/Drivers/STM32F1xx_HAL_Driver/Src/stm32f1xx_hal_gpio.c.obj
LOAD CMakeFiles/timer.elf.dir/Drivers/STM32F1xx_HAL_Driver/Src/stm32f1xx_hal_gpio_ex.c.obj
LOAD CMakeFiles/timer.elf.dir/Drivers/STM32F1xx_HAL_Driver/Src/stm32f1xx_hal_pwr.c.obj
LOAD CMakeFiles/timer.elf.dir/Drivers/STM32F1xx_HAL_Driver/Src/stm32f1xx_hal_rcc.c.obj
LOAD CMakeFiles/timer.elf.dir/Drivers/STM32F1xx_HAL_Driver/Src/stm32f1xx_hal_rcc_ex.c.obj
LOAD CMakeFiles/timer.elf.dir/Drivers/STM32F1xx_HAL_Driver/Src/stm32f1xx_hal_tim.c.obj
LOAD CMakeFiles/timer.elf.dir/Drivers/STM32F1xx_HAL_Driver/Src/stm32f1xx_hal_tim_ex.c.obj
START GROUP
LOAD c:/coding/c/gcc-arm-none-eabi-10.3-2021.10/bin/../lib/gcc/arm-none-eabi/10.3.1/thumb/v7-m/nofp\libgcc.a
LOAD c:/coding/c/gcc-arm-none-eabi-10.3-2021.10/bin/../lib/gcc/arm-none-eabi/10.3.1/../../../../arm-none-eabi/lib/thumb/v7-m/nofp\libg.a
LOAD c:/coding/c/gcc-arm-none-eabi-10.3-2021.10/bin/../lib/gcc/arm-none-eabi/10.3.1/../../../../arm-none-eabi/lib/thumb/v7-m/nofp\libc.a
END GROUP
LOAD c:/coding/c/gcc-arm-none-eabi-10.3-2021.10/bin/../lib/gcc/arm-none-eabi/10.3.1/thumb/v7-m/nofp/crtend.o
LOAD c:/coding/c/gcc-arm-none-eabi-10.3-2021.10/bin/../lib/gcc/arm-none-eabi/10.3.1/thumb/v7-m/nofp/crtn.o
                0x20005000                _estack = (ORIGIN (RAM) + LENGTH (RAM))
                0x00000200                _Min_Heap_Size = 0x200
                0x00000400                _Min_Stack_Size = 0x400

.isr_vector     0x08000000      0x10c
                0x08000000                . = ALIGN (0x4)
 *(.isr_vector)
 .isr_vector    0x08000000      0x10c CMakeFiles/timer.elf.dir/Core/Startup/startup_stm32f103cbtx.s.obj
                0x08000000                g_pfnVectors
                0x0800010c                . = ALIGN (0x4)

.text           0x0800010c     0x1f34
                0x0800010c                . = ALIGN (0x4)
 *(.text)
 .text          0x0800010c       0x40 c:/coding/c/gcc-arm-none-eabi-10.3-2021.10/bin/../lib/gcc/arm-none-eabi/10.3.1/thumb/v7-m/nofp/crtbegin.o
 *(.text*)
 .text.MX_GPIO_Init
                0x0800014c       0xe0 CMakeFiles/timer.elf.dir/Core/Src/gpio.c.obj
                0x0800014c                MX_GPIO_Init
 .text.DisplayDriver
                0x0800022c      0x2b8 CMakeFiles/timer.elf.dir/Core/Src/main.c.obj
                0x0800022c                DisplayDriver
 .text.GetTime  0x080004e4       0xa4 CMakeFiles/timer.elf.dir/Core/Src/main.c.obj
                0x080004e4                GetTime
 .text.Beep     0x08000588      0x238 CMakeFiles/timer.elf.dir/Core/Src/main.c.obj
                0x08000588                Beep
 .text.HAL_TIM_PeriodElapsedCallback
                0x080007c0       0x1c CMakeFiles/timer.elf.dir/Core/Src/main.c.obj
                0x080007c0                HAL_TIM_PeriodElapsedCallback
 .text.HAL_GPIO_EXTI_Callback
                0x080007dc       0x20 CMakeFiles/timer.elf.dir/Core/Src/main.c.obj
                0x080007dc                HAL_GPIO_EXTI_Callback
 .text.Error_Handler
                0x080007fc        0x4 CMakeFiles/timer.elf.dir/Core/Src/main.c.obj
                0x080007fc                Error_Handler
 .text.SystemClock_Config
                0x08000800       0x64 CMakeFiles/timer.elf.dir/Core/Src/main.c.obj
                0x08000800                SystemClock_Config
 .text.main     0x08000864       0x9c CMakeFiles/timer.elf.dir/Core/Src/main.c.obj
                0x08000864                main
 .text.HAL_MspInit
                0x08000900       0x30 CMakeFiles/timer.elf.dir/Core/Src/stm32f1xx_hal_msp.c.obj
                0x08000900                HAL_MspInit
 .text.NMI_Handler
                0x08000930        0x2 CMakeFiles/timer.elf.dir/Core/Src/stm32f1xx_it.c.obj
                0x08000930                NMI_Handler
 .text.HardFault_Handler
                0x08000932        0x2 CMakeFiles/timer.elf.dir/Core/Src/stm32f1xx_it.c.obj
                0x08000932                HardFault_Handler
 .text.MemManage_Handler
                0x08000934        0x2 CMakeFiles/timer.elf.dir/Core/Src/stm32f1xx_it.c.obj
                0x08000934                MemManage_Handler
 .text.BusFault_Handler
                0x08000936        0x2 CMakeFiles/timer.elf.dir/Core/Src/stm32f1xx_it.c.obj
                0x08000936                BusFault_Handler
 .text.UsageFault_Handler
                0x08000938        0x2 CMakeFiles/timer.elf.dir/Core/Src/stm32f1xx_it.c.obj
                0x08000938                UsageFault_Handler
 .text.SVC_Handler
                0x0800093a        0x2 CMakeFiles/timer.elf.dir/Core/Src/stm32f1xx_it.c.obj
                0x0800093a                SVC_Handler
 .text.DebugMon_Handler
                0x0800093c        0x2 CMakeFiles/timer.elf.dir/Core/Src/stm32f1xx_it.c.obj
                0x0800093c                DebugMon_Handler
 .text.PendSV_Handler
                0x0800093e        0x2 CMakeFiles/timer.elf.dir/Core/Src/stm32f1xx_it.c.obj
                0x0800093e                PendSV_Handler
 .text.SysTick_Handler
                0x08000940        0x8 CMakeFiles/timer.elf.dir/Core/Src/stm32f1xx_it.c.obj
                0x08000940                SysTick_Handler
 .text.EXTI1_IRQHandler
                0x08000948        0xa CMakeFiles/timer.elf.dir/Core/Src/stm32f1xx_it.c.obj
                0x08000948                EXTI1_IRQHandler
 *fill*         0x08000952        0x2 
 .text.TIM1_UP_IRQHandler
                0x08000954       0x10 CMakeFiles/timer.elf.dir/Core/Src/stm32f1xx_it.c.obj
                0x08000954                TIM1_UP_IRQHandler
 .text.TIM2_IRQHandler
                0x08000964       0x10 CMakeFiles/timer.elf.dir/Core/Src/stm32f1xx_it.c.obj
                0x08000964                TIM2_IRQHandler
 .text.SystemInit
                0x08000974        0x2 CMakeFiles/timer.elf.dir/Core/Src/system_stm32f1xx.c.obj
                0x08000974                SystemInit
 *fill*         0x08000976        0x2 
 .text.MX_TIM1_Init
                0x08000978       0x70 CMakeFiles/timer.elf.dir/Core/Src/tim.c.obj
                0x08000978                MX_TIM1_Init
 .text.HAL_TIM_Base_MspInit
                0x080009e8       0xa0 CMakeFiles/timer.elf.dir/Core/Src/tim.c.obj
                0x080009e8                HAL_TIM_Base_MspInit
 .text.HAL_TIM_MspPostInit
                0x08000a88       0x4c CMakeFiles/timer.elf.dir/Core/Src/tim.c.obj
                0x08000a88                HAL_TIM_MspPostInit
 .text.MX_TIM2_Init
                0x08000ad4       0xac CMakeFiles/timer.elf.dir/Core/Src/tim.c.obj
                0x08000ad4                MX_TIM2_Init
 .text.Reset_Handler
                0x08000b80       0x48 CMakeFiles/timer.elf.dir/Core/Startup/startup_stm32f103cbtx.s.obj
                0x08000b80                Reset_Handler
 .text.Default_Handler
                0x08000bc8        0x2 CMakeFiles/timer.elf.dir/Core/Startup/startup_stm32f103cbtx.s.obj
                0x08000bc8                RTC_Alarm_IRQHandler
                0x08000bc8                EXTI2_IRQHandler
                0x08000bc8                TIM1_CC_IRQHandler
                0x08000bc8                PVD_IRQHandler
                0x08000bc8                EXTI3_IRQHandler
                0x08000bc8                EXTI0_IRQHandler
                0x08000bc8                I2C2_EV_IRQHandler
                0x08000bc8                ADC1_2_IRQHandler
                0x08000bc8                SPI1_IRQHandler
                0x08000bc8                TAMPER_IRQHandler
                0x08000bc8                DMA1_Channel4_IRQHandler
                0x08000bc8                USART3_IRQHandler
                0x08000bc8                RTC_IRQHandler
                0x08000bc8                DMA1_Channel7_IRQHandler
                0x08000bc8                CAN1_RX1_IRQHandler
                0x08000bc8                TIM4_IRQHandler
                0x08000bc8                I2C1_EV_IRQHandler
                0x08000bc8                DMA1_Channel6_IRQHandler
                0x08000bc8                TIM3_IRQHandler
                0x08000bc8                RCC_IRQHandler
                0x08000bc8                TIM1_TRG_COM_IRQHandler
                0x08000bc8                DMA1_Channel1_IRQHandler
                0x08000bc8                Default_Handler
                0x08000bc8                EXTI15_10_IRQHandler
                0x08000bc8                EXTI9_5_IRQHandler
                0x08000bc8                SPI2_IRQHandler
                0x08000bc8                DMA1_Channel5_IRQHandler
                0x08000bc8                EXTI4_IRQHandler
                0x08000bc8                USB_LP_CAN1_RX0_IRQHandler
                0x08000bc8                USB_HP_CAN1_TX_IRQHandler
                0x08000bc8                DMA1_Channel3_IRQHandler
                0x08000bc8                WWDG_IRQHandler
                0x08000bc8                TIM1_BRK_IRQHandler
                0x08000bc8                USART2_IRQHandler
                0x08000bc8                I2C2_ER_IRQHandler
                0x08000bc8                DMA1_Channel2_IRQHandler
                0x08000bc8                CAN1_SCE_IRQHandler
                0x08000bc8                FLASH_IRQHandler
                0x08000bc8                USART1_IRQHandler
                0x08000bc8                I2C1_ER_IRQHandler
                0x08000bc8                USBWakeUp_IRQHandler
 *fill*         0x08000bca        0x2 
 .text.HAL_InitTick
                0x08000bcc       0x4c CMakeFiles/timer.elf.dir/Drivers/STM32F1xx_HAL_Driver/Src/stm32f1xx_hal.c.obj
                0x08000bcc                HAL_InitTick
 .text.HAL_Init
                0x08000c18       0x24 CMakeFiles/timer.elf.dir/Drivers/STM32F1xx_HAL_Driver/Src/stm32f1xx_hal.c.obj
                0x08000c18                HAL_Init
 .text.HAL_IncTick
                0x08000c3c       0x18 CMakeFiles/timer.elf.dir/Drivers/STM32F1xx_HAL_Driver/Src/stm32f1xx_hal.c.obj
                0x08000c3c                HAL_IncTick
 .text.HAL_GetTick
                0x08000c54        0xc CMakeFiles/timer.elf.dir/Drivers/STM32F1xx_HAL_Driver/Src/stm32f1xx_hal.c.obj
                0x08000c54                HAL_GetTick
 .text.HAL_Delay
                0x08000c60       0x28 CMakeFiles/timer.elf.dir/Drivers/STM32F1xx_HAL_Driver/Src/stm32f1xx_hal.c.obj
                0x08000c60                HAL_Delay
 .text.HAL_NVIC_SetPriorityGrouping
                0x08000c88       0x24 CMakeFiles/timer.elf.dir/Drivers/STM32F1xx_HAL_Driver/Src/stm32f1xx_hal_cortex.c.obj
                0x08000c88                HAL_NVIC_SetPriorityGrouping
 .text.HAL_NVIC_SetPriority
                0x08000cac       0x70 CMakeFiles/timer.elf.dir/Drivers/STM32F1xx_HAL_Driver/Src/stm32f1xx_hal_cortex.c.obj
                0x08000cac                HAL_NVIC_SetPriority
 .text.HAL_NVIC_EnableIRQ
                0x08000d1c       0x1c CMakeFiles/timer.elf.dir/Drivers/STM32F1xx_HAL_Driver/Src/stm32f1xx_hal_cortex.c.obj
                0x08000d1c                HAL_NVIC_EnableIRQ
 .text.HAL_SYSTICK_Config
                0x08000d38       0x28 CMakeFiles/timer.elf.dir/Drivers/STM32F1xx_HAL_Driver/Src/stm32f1xx_hal_cortex.c.obj
                0x08000d38                HAL_SYSTICK_Config
 .text.HAL_GPIO_Init
                0x08000d60      0x224 CMakeFiles/timer.elf.dir/Drivers/STM32F1xx_HAL_Driver/Src/stm32f1xx_hal_gpio.c.obj
                0x08000d60                HAL_GPIO_Init
 .text.HAL_GPIO_ReadPin
                0x08000f84        0xe CMakeFiles/timer.elf.dir/Drivers/STM32F1xx_HAL_Driver/Src/stm32f1xx_hal_gpio.c.obj
                0x08000f84                HAL_GPIO_ReadPin
 .text.HAL_GPIO_WritePin
                0x08000f92        0xc CMakeFiles/timer.elf.dir/Drivers/STM32F1xx_HAL_Driver/Src/stm32f1xx_hal_gpio.c.obj
                0x08000f92                HAL_GPIO_WritePin
 *fill*         0x08000f9e        0x2 
 .text.HAL_GPIO_EXTI_IRQHandler
                0x08000fa0       0x1c CMakeFiles/timer.elf.dir/Drivers/STM32F1xx_HAL_Driver/Src/stm32f1xx_hal_gpio.c.obj
                0x08000fa0                HAL_GPIO_EXTI_IRQHandler
 .text.RCC_Delay
                0x08000fbc       0x2c CMakeFiles/timer.elf.dir/Drivers/STM32F1xx_HAL_Driver/Src/stm32f1xx_hal_rcc.c.obj
 .text.HAL_RCC_OscConfig
                0x08000fe8      0x410 CMakeFiles/timer.elf.dir/Drivers/STM32F1xx_HAL_Driver/Src/stm32f1xx_hal_rcc.c.obj
                0x08000fe8                HAL_RCC_OscConfig
 .text.HAL_RCC_GetSysClockFreq
                0x080013f8       0x70 CMakeFiles/timer.elf.dir/Drivers/STM32F1xx_HAL_Driver/Src/stm32f1xx_hal_rcc.c.obj
                0x080013f8                HAL_RCC_GetSysClockFreq
 .text.HAL_RCC_ClockConfig
                0x08001468      0x16c CMakeFiles/timer.elf.dir/Drivers/STM32F1xx_HAL_Driver/Src/stm32f1xx_hal_rcc.c.obj
                0x08001468                HAL_RCC_ClockConfig
 .text.TIM_OC1_SetConfig
                0x080015d4       0x5c CMakeFiles/timer.elf.dir/Drivers/STM32F1xx_HAL_Driver/Src/stm32f1xx_hal_tim.c.obj
 .text.TIM_OC3_SetConfig
                0x08001630       0x64 CMakeFiles/timer.elf.dir/Drivers/STM32F1xx_HAL_Driver/Src/stm32f1xx_hal_tim.c.obj
 .text.TIM_OC4_SetConfig
                0x08001694       0x48 CMakeFiles/timer.elf.dir/Drivers/STM32F1xx_HAL_Driver/Src/stm32f1xx_hal_tim.c.obj
 .text.TIM_TI1_ConfigInputStage
                0x080016dc       0x24 CMakeFiles/timer.elf.dir/Drivers/STM32F1xx_HAL_Driver/Src/stm32f1xx_hal_tim.c.obj
 .text.TIM_TI2_ConfigInputStage
                0x08001700       0x26 CMakeFiles/timer.elf.dir/Drivers/STM32F1xx_HAL_Driver/Src/stm32f1xx_hal_tim.c.obj
 .text.TIM_ITRx_SetConfig
                0x08001726       0x10 CMakeFiles/timer.elf.dir/Drivers/STM32F1xx_HAL_Driver/Src/stm32f1xx_hal_tim.c.obj
 *fill*         0x08001736        0x2 
 .text.HAL_TIM_Base_Start_IT
                0x08001738       0x68 CMakeFiles/timer.elf.dir/Drivers/STM32F1xx_HAL_Driver/Src/stm32f1xx_hal_tim.c.obj
                0x08001738                HAL_TIM_Base_Start_IT
 .text.HAL_TIM_PWM_MspInit
                0x080017a0        0x2 CMakeFiles/timer.elf.dir/Drivers/STM32F1xx_HAL_Driver/Src/stm32f1xx_hal_tim.c.obj
                0x080017a0                HAL_TIM_PWM_MspInit
 .text.HAL_TIM_OC_DelayElapsedCallback
                0x080017a2        0x2 CMakeFiles/timer.elf.dir/Drivers/STM32F1xx_HAL_Driver/Src/stm32f1xx_hal_tim.c.obj
                0x080017a2                HAL_TIM_OC_DelayElapsedCallback
 .text.HAL_TIM_IC_CaptureCallback
                0x080017a4        0x2 CMakeFiles/timer.elf.dir/Drivers/STM32F1xx_HAL_Driver/Src/stm32f1xx_hal_tim.c.obj
                0x080017a4                HAL_TIM_IC_CaptureCallback
 .text.HAL_TIM_PWM_PulseFinishedCallback
                0x080017a6        0x2 CMakeFiles/timer.elf.dir/Drivers/STM32F1xx_HAL_Driver/Src/stm32f1xx_hal_tim.c.obj
                0x080017a6                HAL_TIM_PWM_PulseFinishedCallback
 .text.HAL_TIM_TriggerCallback
                0x080017a8        0x2 CMakeFiles/timer.elf.dir/Drivers/STM32F1xx_HAL_Driver/Src/stm32f1xx_hal_tim.c.obj
                0x080017a8                HAL_TIM_TriggerCallback
 .text.HAL_TIM_IRQHandler
                0x080017aa      0x17a CMakeFiles/timer.elf.dir/Drivers/STM32F1xx_HAL_Driver/Src/stm32f1xx_hal_tim.c.obj
                0x080017aa                HAL_TIM_IRQHandler
 .text.TIM_Base_SetConfig
                0x08001924       0x74 CMakeFiles/timer.elf.dir/Drivers/STM32F1xx_HAL_Driver/Src/stm32f1xx_hal_tim.c.obj
                0x08001924                TIM_Base_SetConfig
 .text.HAL_TIM_Base_Init
                0x08001998       0x58 CMakeFiles/timer.elf.dir/Drivers/STM32F1xx_HAL_Driver/Src/stm32f1xx_hal_tim.c.obj
                0x08001998                HAL_TIM_Base_Init
 .text.HAL_TIM_PWM_Init
                0x080019f0       0x58 CMakeFiles/timer.elf.dir/Drivers/STM32F1xx_HAL_Driver/Src/stm32f1xx_hal_tim.c.obj
                0x080019f0                HAL_TIM_PWM_Init
 .text.TIM_OC2_SetConfig
                0x08001a48       0x64 CMakeFiles/timer.elf.dir/Drivers/STM32F1xx_HAL_Driver/Src/stm32f1xx_hal_tim.c.obj
                0x08001a48                TIM_OC2_SetConfig
 .text.HAL_TIM_PWM_ConfigChannel
                0x08001aac       0xd0 CMakeFiles/timer.elf.dir/Drivers/STM32F1xx_HAL_Driver/Src/stm32f1xx_hal_tim.c.obj
                0x08001aac                HAL_TIM_PWM_ConfigChannel
 .text.TIM_ETR_SetConfig
                0x08001b7c       0x18 CMakeFiles/timer.elf.dir/Drivers/STM32F1xx_HAL_Driver/Src/stm32f1xx_hal_tim.c.obj
                0x08001b7c                TIM_ETR_SetConfig
 .text.HAL_TIM_ConfigClockSource
                0x08001b94       0xda CMakeFiles/timer.elf.dir/Drivers/STM32F1xx_HAL_Driver/Src/stm32f1xx_hal_tim.c.obj
                0x08001b94                HAL_TIM_ConfigClockSource
 .text.TIM_CCxChannelCmd
                0x08001c6e       0x1e CMakeFiles/timer.elf.dir/Drivers/STM32F1xx_HAL_Driver/Src/stm32f1xx_hal_tim.c.obj
                0x08001c6e                TIM_CCxChannelCmd
 .text.HAL_TIM_PWM_Start
                0x08001c8c       0xdc CMakeFiles/timer.elf.dir/Drivers/STM32F1xx_HAL_Driver/Src/stm32f1xx_hal_tim.c.obj
                0x08001c8c                HAL_TIM_PWM_Start
 .text.HAL_TIM_PWM_Stop
                0x08001d68       0x84 CMakeFiles/timer.elf.dir/Drivers/STM32F1xx_HAL_Driver/Src/stm32f1xx_hal_tim.c.obj
                0x08001d68                HAL_TIM_PWM_Stop
 .text.HAL_TIMEx_MasterConfigSynchronization
                0x08001dec       0x6c CMakeFiles/timer.elf.dir/Drivers/STM32F1xx_HAL_Driver/Src/stm32f1xx_hal_tim_ex.c.obj
                0x08001dec                HAL_TIMEx_MasterConfigSynchronization
 .text.HAL_TIMEx_CommutCallback
                0x08001e58        0x2 CMakeFiles/timer.elf.dir/Drivers/STM32F1xx_HAL_Driver/Src/stm32f1xx_hal_tim_ex.c.obj
                0x08001e58                HAL_TIMEx_CommutCallback
 .text.HAL_TIMEx_BreakCallback
                0x08001e5a        0x2 CMakeFiles/timer.elf.dir/Drivers/STM32F1xx_HAL_Driver/Src/stm32f1xx_hal_tim_ex.c.obj
                0x08001e5a                HAL_TIMEx_BreakCallback
 .text.__libc_init_array
                0x08001e5c       0x48 c:/coding/c/gcc-arm-none-eabi-10.3-2021.10/bin/../lib/gcc/arm-none-eabi/10.3.1/../../../../arm-none-eabi/lib/thumb/v7-m/nofp\libg.a(lib_a-init.o)
                0x08001e5c                __libc_init_array
 .text.memset   0x08001ea4       0xa4 c:/coding/c/gcc-arm-none-eabi-10.3-2021.10/bin/../lib/gcc/arm-none-eabi/10.3.1/../../../../arm-none-eabi/lib/thumb/v7-m/nofp\libg.a(lib_a-memset.o)
                0x08001ea4                memset
 .text.startup.register_fini
                0x08001f48       0x14 c:/coding/c/gcc-arm-none-eabi-10.3-2021.10/bin/../lib/gcc/arm-none-eabi/10.3.1/../../../../arm-none-eabi/lib/thumb/v7-m/nofp\libg.a(lib_a-__call_atexit.o)
 .text.atexit   0x08001f5c        0xc c:/coding/c/gcc-arm-none-eabi-10.3-2021.10/bin/../lib/gcc/arm-none-eabi/10.3.1/../../../../arm-none-eabi/lib/thumb/v7-m/nofp\libg.a(lib_a-atexit.o)
                0x08001f5c                atexit
 .text.__libc_fini_array
                0x08001f68       0x2c c:/coding/c/gcc-arm-none-eabi-10.3-2021.10/bin/../lib/gcc/arm-none-eabi/10.3.1/../../../../arm-none-eabi/lib/thumb/v7-m/nofp\libg.a(lib_a-fini.o)
                0x08001f68                __libc_fini_array
 .text.__retarget_lock_acquire_recursive
                0x08001f94        0x4 c:/coding/c/gcc-arm-none-eabi-10.3-2021.10/bin/../lib/gcc/arm-none-eabi/10.3.1/../../../../arm-none-eabi/lib/thumb/v7-m/nofp\libg.a(lib_a-lock.o)
                0x08001f94                __retarget_lock_acquire_recursive
 .text.__retarget_lock_release_recursive
                0x08001f98        0x4 c:/coding/c/gcc-arm-none-eabi-10.3-2021.10/bin/../lib/gcc/arm-none-eabi/10.3.1/../../../../arm-none-eabi/lib/thumb/v7-m/nofp\libg.a(lib_a-lock.o)
                0x08001f98                __retarget_lock_release_recursive
 .text.__register_exitproc
                0x08001f9c       0x8c c:/coding/c/gcc-arm-none-eabi-10.3-2021.10/bin/../lib/gcc/arm-none-eabi/10.3.1/../../../../arm-none-eabi/lib/thumb/v7-m/nofp\libg.a(lib_a-__atexit.o)
                0x08001f9c                __register_exitproc
 *(.glue_7)
 .glue_7        0x08002028        0x0 linker stubs
 *(.glue_7t)
 .glue_7t       0x08002028        0x0 linker stubs
 *(.eh_frame)
 .eh_frame      0x08002028        0x0 c:/coding/c/gcc-arm-none-eabi-10.3-2021.10/bin/../lib/gcc/arm-none-eabi/10.3.1/thumb/v7-m/nofp/crtbegin.o
 *(.init)
 .init          0x08002028        0x4 c:/coding/c/gcc-arm-none-eabi-10.3-2021.10/bin/../lib/gcc/arm-none-eabi/10.3.1/thumb/v7-m/nofp/crti.o
                0x08002028                _init
 .init          0x0800202c        0x8 c:/coding/c/gcc-arm-none-eabi-10.3-2021.10/bin/../lib/gcc/arm-none-eabi/10.3.1/thumb/v7-m/nofp/crtn.o
 *(.fini)
 .fini          0x08002034        0x4 c:/coding/c/gcc-arm-none-eabi-10.3-2021.10/bin/../lib/gcc/arm-none-eabi/10.3.1/thumb/v7-m/nofp/crti.o
                0x08002034                _fini
 .fini          0x08002038        0x8 c:/coding/c/gcc-arm-none-eabi-10.3-2021.10/bin/../lib/gcc/arm-none-eabi/10.3.1/thumb/v7-m/nofp/crtn.o
                0x08002040                . = ALIGN (0x4)
                0x08002040                _etext = .

.vfp11_veneer   0x08002040        0x0
 .vfp11_veneer  0x08002040        0x0 linker stubs

.v4_bx          0x08002040        0x0
 .v4_bx         0x08002040        0x0 linker stubs

.iplt           0x08002040        0x0
 .iplt          0x08002040        0x0 c:/coding/c/gcc-arm-none-eabi-10.3-2021.10/bin/../lib/gcc/arm-none-eabi/10.3.1/thumb/v7-m/nofp/crtbegin.o

.rodata         0x08002040      0x828
                0x08002040                . = ALIGN (0x4)
 *(.rodata)
 *(.rodata*)
 .rodata.scale.1
                0x08002040      0x800 CMakeFiles/timer.elf.dir/Core/Src/main.c.obj
 .rodata.AHBPrescTable
                0x08002840       0x10 CMakeFiles/timer.elf.dir/Core/Src/system_stm32f1xx.c.obj
                0x08002840                AHBPrescTable
 .rodata.HAL_RCC_GetSysClockFreq.str1.4
                0x08002850       0x11 CMakeFiles/timer.elf.dir/Drivers/STM32F1xx_HAL_Driver/Src/stm32f1xx_hal_rcc.c.obj
 *fill*         0x08002861        0x3 
 .rodata._global_impure_ptr
                0x08002864        0x4 c:/coding/c/gcc-arm-none-eabi-10.3-2021.10/bin/../lib/gcc/arm-none-eabi/10.3.1/../../../../arm-none-eabi/lib/thumb/v7-m/nofp\libg.a(lib_a-impure.o)
                0x08002864                _global_impure_ptr
                0x08002868                . = ALIGN (0x4)

.rel.dyn        0x08002868        0x0
 .rel.iplt      0x08002868        0x0 c:/coding/c/gcc-arm-none-eabi-10.3-2021.10/bin/../lib/gcc/arm-none-eabi/10.3.1/thumb/v7-m/nofp/crtbegin.o

.ARM.extab      0x08002868        0x0
                0x08002868                . = ALIGN (0x4)
 *(.ARM.extab* .gnu.linkonce.armextab.*)
                0x08002868                . = ALIGN (0x4)

.ARM            0x08002868        0x0
                0x08002868                . = ALIGN (0x4)
                0x08002868                __exidx_start = .
 *(.ARM.exidx*)
                0x08002868                __exidx_end = .
                0x08002868                . = ALIGN (0x4)

.preinit_array  0x08002868        0x0
                0x08002868                . = ALIGN (0x4)
                0x08002868                PROVIDE (__preinit_array_start = .)
 *(.preinit_array*)
                0x08002868                PROVIDE (__preinit_array_end = .)
                0x08002868                . = ALIGN (0x4)

.init_array     0x08002868        0x8
                0x08002868                . = ALIGN (0x4)
                0x08002868                PROVIDE (__init_array_start = .)
 *(SORT_BY_NAME(.init_array.*))
 .init_array.00000
                0x08002868        0x4 c:/coding/c/gcc-arm-none-eabi-10.3-2021.10/bin/../lib/gcc/arm-none-eabi/10.3.1/../../../../arm-none-eabi/lib/thumb/v7-m/nofp\libg.a(lib_a-__call_atexit.o)
 *(.init_array*)
 .init_array    0x0800286c        0x4 c:/coding/c/gcc-arm-none-eabi-10.3-2021.10/bin/../lib/gcc/arm-none-eabi/10.3.1/thumb/v7-m/nofp/crtbegin.o
                0x08002870                PROVIDE (__init_array_end = .)
                0x08002870                . = ALIGN (0x4)

.fini_array     0x08002870        0x4
                0x08002870                . = ALIGN (0x4)
                0x08002870                PROVIDE (__fini_array_start = .)
 *(SORT_BY_NAME(.fini_array.*))
 *(.fini_array*)
 .fini_array    0x08002870        0x4 c:/coding/c/gcc-arm-none-eabi-10.3-2021.10/bin/../lib/gcc/arm-none-eabi/10.3.1/thumb/v7-m/nofp/crtbegin.o
                0x08002874                PROVIDE (__fini_array_end = .)
                0x08002874                . = ALIGN (0x4)
                0x08002874                _sidata = LOADADDR (.data)

.data           0x20000000      0x43c load address 0x08002874
                0x20000000                . = ALIGN (0x4)
                0x20000000                _sdata = .
 *(.data)
 *(.data*)
 .data.play     0x20000000        0x1 CMakeFiles/timer.elf.dir/Core/Src/main.c.obj
                0x20000000                play
 *fill*         0x20000001        0x3 
 .data.SystemCoreClock
                0x20000004        0x4 CMakeFiles/timer.elf.dir/Core/Src/system_stm32f1xx.c.obj
                0x20000004                SystemCoreClock
 .data.uwTickFreq
                0x20000008        0x1 CMakeFiles/timer.elf.dir/Drivers/STM32F1xx_HAL_Driver/Src/stm32f1xx_hal.c.obj
                0x20000008                uwTickFreq
 *fill*         0x20000009        0x3 
 .data.uwTickPrio
                0x2000000c        0x4 CMakeFiles/timer.elf.dir/Drivers/STM32F1xx_HAL_Driver/Src/stm32f1xx_hal.c.obj
                0x2000000c                uwTickPrio
 .data.impure_data
                0x20000010      0x428 c:/coding/c/gcc-arm-none-eabi-10.3-2021.10/bin/../lib/gcc/arm-none-eabi/10.3.1/../../../../arm-none-eabi/lib/thumb/v7-m/nofp\libg.a(lib_a-impure.o)
 .data.__atexit_recursive_mutex
                0x20000438        0x4 c:/coding/c/gcc-arm-none-eabi-10.3-2021.10/bin/../lib/gcc/arm-none-eabi/10.3.1/../../../../arm-none-eabi/lib/thumb/v7-m/nofp\libg.a(lib_a-__call_atexit.o)
                0x20000438                __atexit_recursive_mutex
 *(.RamFunc)
 *(.RamFunc*)
                0x2000043c                . = ALIGN (0x4)
                0x2000043c                _edata = .

.igot.plt       0x2000043c        0x0 load address 0x08002cb0
 .igot.plt      0x2000043c        0x0 c:/coding/c/gcc-arm-none-eabi-10.3-2021.10/bin/../lib/gcc/arm-none-eabi/10.3.1/thumb/v7-m/nofp/crtbegin.o
                0x2000043c                . = ALIGN (0x4)

.bss            0x2000043c       0xd0 load address 0x08002cb0
                0x2000043c                _sbss = .
                0x2000043c                __bss_start__ = _sbss
 *(.bss)
 .bss           0x2000043c       0x1c c:/coding/c/gcc-arm-none-eabi-10.3-2021.10/bin/../lib/gcc/arm-none-eabi/10.3.1/thumb/v7-m/nofp/crtbegin.o
 *(.bss*)
 .bss.digit.3   0x20000458        0x1 CMakeFiles/timer.elf.dir/Core/Src/main.c.obj
 *fill*         0x20000459        0x3 
 .bss.display   0x2000045c        0x6 CMakeFiles/timer.elf.dir/Core/Src/main.c.obj
                0x2000045c                display
 *fill*         0x20000462        0x2 
 .bss.flag.2    0x20000464        0x4 CMakeFiles/timer.elf.dir/Core/Src/main.c.obj
 .bss.freq.0    0x20000468        0x4 CMakeFiles/timer.elf.dir/Core/Src/main.c.obj
 .bss.m_sec     0x2000046c        0x2 CMakeFiles/timer.elf.dir/Core/Src/main.c.obj
                0x2000046c                m_sec
 .bss.sec       0x2000046e        0x1 CMakeFiles/timer.elf.dir/Core/Src/main.c.obj
                0x2000046e                sec
 .bss.time      0x2000046f        0x1 CMakeFiles/timer.elf.dir/Core/Src/main.c.obj
                0x2000046f                time
 .bss.trigger   0x20000470        0x1 CMakeFiles/timer.elf.dir/Core/Src/main.c.obj
                0x20000470                trigger
 *fill*         0x20000471        0x3 
 .bss.htim1     0x20000474       0x48 CMakeFiles/timer.elf.dir/Core/Src/tim.c.obj
                0x20000474                htim1
 .bss.htim2     0x200004bc       0x48 CMakeFiles/timer.elf.dir/Core/Src/tim.c.obj
                0x200004bc                htim2
 .bss.uwTick    0x20000504        0x4 CMakeFiles/timer.elf.dir/Drivers/STM32F1xx_HAL_Driver/Src/stm32f1xx_hal.c.obj
                0x20000504                uwTick
 .bss.__lock___atexit_recursive_mutex
                0x20000508        0x1 c:/coding/c/gcc-arm-none-eabi-10.3-2021.10/bin/../lib/gcc/arm-none-eabi/10.3.1/../../../../arm-none-eabi/lib/thumb/v7-m/nofp\libg.a(lib_a-lock.o)
                0x20000508                __lock___atexit_recursive_mutex
 *(COMMON)
                0x2000050c                . = ALIGN (0x4)
 *fill*         0x20000509        0x3 
                0x2000050c                _ebss = .
                0x2000050c                __bss_end__ = _ebss

._user_heap_stack
                0x2000050c      0x604 load address 0x08002cb0
                0x20000510                . = ALIGN (0x8)
 *fill*         0x2000050c        0x4 
                [!provide]                PROVIDE (end = .)
                0x20000510                PROVIDE (_end = .)
                0x20000710                . = (. + _Min_Heap_Size)
 *fill*         0x20000510      0x200 
                0x20000b10                . = (. + _Min_Stack_Size)
 *fill*         0x20000710      0x400 
                0x20000b10                . = ALIGN (0x8)

/DISCARD/
 libc.a(*)
 libm.a(*)
 libgcc.a(*)

.ARM.attributes
                0x00000000       0x29
 *(.ARM.attributes)
 .ARM.attributes
                0x00000000       0x1d c:/coding/c/gcc-arm-none-eabi-10.3-2021.10/bin/../lib/gcc/arm-none-eabi/10.3.1/thumb/v7-m/nofp/crti.o
 .ARM.attributes
                0x0000001d       0x2d c:/coding/c/gcc-arm-none-eabi-10.3-2021.10/bin/../lib/gcc/arm-none-eabi/10.3.1/thumb/v7-m/nofp/crtbegin.o
 .ARM.attributes
                0x0000004a       0x2d CMakeFiles/timer.elf.dir/Core/Src/gpio.c.obj
 .ARM.attributes
                0x00000077       0x2d CMakeFiles/timer.elf.dir/Core/Src/main.c.obj
 .ARM.attributes
                0x000000a4       0x2d CMakeFiles/timer.elf.dir/Core/Src/stm32f1xx_hal_msp.c.obj
 .ARM.attributes
                0x000000d1       0x2d CMakeFiles/timer.elf.dir/Core/Src/stm32f1xx_it.c.obj
 .ARM.attributes
                0x000000fe       0x2d CMakeFiles/timer.elf.dir/Core/Src/system_stm32f1xx.c.obj
 .ARM.attributes
                0x0000012b       0x2d CMakeFiles/timer.elf.dir/Core/Src/tim.c.obj
 .ARM.attributes
                0x00000158       0x21 CMakeFiles/timer.elf.dir/Core/Startup/startup_stm32f103cbtx.s.obj
 .ARM.attributes
                0x00000179       0x2d CMakeFiles/timer.elf.dir/Drivers/STM32F1xx_HAL_Driver/Src/stm32f1xx_hal.c.obj
 .ARM.attributes
                0x000001a6       0x2d CMakeFiles/timer.elf.dir/Drivers/STM32F1xx_HAL_Driver/Src/stm32f1xx_hal_cortex.c.obj
 .ARM.attributes
                0x000001d3       0x2d CMakeFiles/timer.elf.dir/Drivers/STM32F1xx_HAL_Driver/Src/stm32f1xx_hal_gpio.c.obj
 .ARM.attributes
                0x00000200       0x2d CMakeFiles/timer.elf.dir/Drivers/STM32F1xx_HAL_Driver/Src/stm32f1xx_hal_rcc.c.obj
 .ARM.attributes
                0x0000022d       0x2d CMakeFiles/timer.elf.dir/Drivers/STM32F1xx_HAL_Driver/Src/stm32f1xx_hal_tim.c.obj
 .ARM.attributes
                0x0000025a       0x2d CMakeFiles/timer.elf.dir/Drivers/STM32F1xx_HAL_Driver/Src/stm32f1xx_hal_tim_ex.c.obj
 .ARM.attributes
                0x00000287       0x2d c:/coding/c/gcc-arm-none-eabi-10.3-2021.10/bin/../lib/gcc/arm-none-eabi/10.3.1/../../../../arm-none-eabi/lib/thumb/v7-m/nofp\libg.a(lib_a-impure.o)
 .ARM.attributes
                0x000002b4       0x2d c:/coding/c/gcc-arm-none-eabi-10.3-2021.10/bin/../lib/gcc/arm-none-eabi/10.3.1/../../../../arm-none-eabi/lib/thumb/v7-m/nofp\libg.a(lib_a-init.o)
 .ARM.attributes
                0x000002e1       0x2d c:/coding/c/gcc-arm-none-eabi-10.3-2021.10/bin/../lib/gcc/arm-none-eabi/10.3.1/../../../../arm-none-eabi/lib/thumb/v7-m/nofp\libg.a(lib_a-memset.o)
 .ARM.attributes
                0x0000030e       0x2d c:/coding/c/gcc-arm-none-eabi-10.3-2021.10/bin/../lib/gcc/arm-none-eabi/10.3.1/../../../../arm-none-eabi/lib/thumb/v7-m/nofp\libg.a(lib_a-__call_atexit.o)
 .ARM.attributes
                0x0000033b       0x2d c:/coding/c/gcc-arm-none-eabi-10.3-2021.10/bin/../lib/gcc/arm-none-eabi/10.3.1/../../../../arm-none-eabi/lib/thumb/v7-m/nofp\libg.a(lib_a-atexit.o)
 .ARM.attributes
                0x00000368       0x2d c:/coding/c/gcc-arm-none-eabi-10.3-2021.10/bin/../lib/gcc/arm-none-eabi/10.3.1/../../../../arm-none-eabi/lib/thumb/v7-m/nofp\libg.a(lib_a-fini.o)
 .ARM.attributes
                0x00000395       0x2d c:/coding/c/gcc-arm-none-eabi-10.3-2021.10/bin/../lib/gcc/arm-none-eabi/10.3.1/../../../../arm-none-eabi/lib/thumb/v7-m/nofp\libg.a(lib_a-lock.o)
 .ARM.attributes
                0x000003c2       0x2d c:/coding/c/gcc-arm-none-eabi-10.3-2021.10/bin/../lib/gcc/arm-none-eabi/10.3.1/../../../../arm-none-eabi/lib/thumb/v7-m/nofp\libg.a(lib_a-__atexit.o)
 .ARM.attributes
                0x000003ef       0x1d c:/coding/c/gcc-arm-none-eabi-10.3-2021.10/bin/../lib/gcc/arm-none-eabi/10.3.1/thumb/v7-m/nofp/crtn.o
OUTPUT(timer.elf elf32-littlearm)
LOAD linker stubs
LOAD c:/coding/c/gcc-arm-none-eabi-10.3-2021.10/bin/../lib/gcc/arm-none-eabi/10.3.1/../../../../arm-none-eabi/lib/thumb/v7-m/nofp\libc.a
LOAD c:/coding/c/gcc-arm-none-eabi-10.3-2021.10/bin/../lib/gcc/arm-none-eabi/10.3.1/../../../../arm-none-eabi/lib/thumb/v7-m/nofp\libm.a
LOAD c:/coding/c/gcc-arm-none-eabi-10.3-2021.10/bin/../lib/gcc/arm-none-eabi/10.3.1/thumb/v7-m/nofp\libgcc.a

.debug_info     0x00000000     0xaaed
 .debug_info    0x00000000      0x4fb CMakeFiles/timer.elf.dir/Core/Src/gpio.c.obj
 .debug_info    0x000004fb     0x11a5 CMakeFiles/timer.elf.dir/Core/Src/main.c.obj
 .debug_info    0x000016a0      0x17c CMakeFiles/timer.elf.dir/Core/Src/stm32f1xx_hal_msp.c.obj
 .debug_info    0x0000181c      0x770 CMakeFiles/timer.elf.dir/Core/Src/stm32f1xx_it.c.obj
 .debug_info    0x00001f8c      0x248 CMakeFiles/timer.elf.dir/Core/Src/system_stm32f1xx.c.obj
 .debug_info    0x000021d4      0xe37 CMakeFiles/timer.elf.dir/Core/Src/tim.c.obj
 .debug_info    0x0000300b       0x22 CMakeFiles/timer.elf.dir/Core/Startup/startup_stm32f103cbtx.s.obj
 .debug_info    0x0000302d      0x7a8 CMakeFiles/timer.elf.dir/Drivers/STM32F1xx_HAL_Driver/Src/stm32f1xx_hal.c.obj
 .debug_info    0x000037d5      0xd8a CMakeFiles/timer.elf.dir/Drivers/STM32F1xx_HAL_Driver/Src/stm32f1xx_hal_cortex.c.obj
 .debug_info    0x0000455f      0x66f CMakeFiles/timer.elf.dir/Drivers/STM32F1xx_HAL_Driver/Src/stm32f1xx_hal_gpio.c.obj
 .debug_info    0x00004bce      0xa36 CMakeFiles/timer.elf.dir/Drivers/STM32F1xx_HAL_Driver/Src/stm32f1xx_hal_rcc.c.obj
 .debug_info    0x00005604     0x3b00 CMakeFiles/timer.elf.dir/Drivers/STM32F1xx_HAL_Driver/Src/stm32f1xx_hal_tim.c.obj
 .debug_info    0x00009104     0x19e9 CMakeFiles/timer.elf.dir/Drivers/STM32F1xx_HAL_Driver/Src/stm32f1xx_hal_tim_ex.c.obj

.debug_abbrev   0x00000000     0x179d
 .debug_abbrev  0x00000000      0x158 CMakeFiles/timer.elf.dir/Core/Src/gpio.c.obj
 .debug_abbrev  0x00000158      0x290 CMakeFiles/timer.elf.dir/Core/Src/main.c.obj
 .debug_abbrev  0x000003e8       0xbf CMakeFiles/timer.elf.dir/Core/Src/stm32f1xx_hal_msp.c.obj
 .debug_abbrev  0x000004a7      0x1a3 CMakeFiles/timer.elf.dir/Core/Src/stm32f1xx_it.c.obj
 .debug_abbrev  0x0000064a      0x13e CMakeFiles/timer.elf.dir/Core/Src/system_stm32f1xx.c.obj
 .debug_abbrev  0x00000788      0x1ef CMakeFiles/timer.elf.dir/Core/Src/tim.c.obj
 .debug_abbrev  0x00000977       0x12 CMakeFiles/timer.elf.dir/Core/Startup/startup_stm32f103cbtx.s.obj
 .debug_abbrev  0x00000989      0x1f4 CMakeFiles/timer.elf.dir/Drivers/STM32F1xx_HAL_Driver/Src/stm32f1xx_hal.c.obj
 .debug_abbrev  0x00000b7d      0x341 CMakeFiles/timer.elf.dir/Drivers/STM32F1xx_HAL_Driver/Src/stm32f1xx_hal_cortex.c.obj
 .debug_abbrev  0x00000ebe      0x1e6 CMakeFiles/timer.elf.dir/Drivers/STM32F1xx_HAL_Driver/Src/stm32f1xx_hal_gpio.c.obj
 .debug_abbrev  0x000010a4      0x27a CMakeFiles/timer.elf.dir/Drivers/STM32F1xx_HAL_Driver/Src/stm32f1xx_hal_rcc.c.obj
 .debug_abbrev  0x0000131e      0x23e CMakeFiles/timer.elf.dir/Drivers/STM32F1xx_HAL_Driver/Src/stm32f1xx_hal_tim.c.obj
 .debug_abbrev  0x0000155c      0x241 CMakeFiles/timer.elf.dir/Drivers/STM32F1xx_HAL_Driver/Src/stm32f1xx_hal_tim_ex.c.obj

.debug_aranges  0x00000000      0x930
 .debug_aranges
                0x00000000       0x20 CMakeFiles/timer.elf.dir/Core/Src/gpio.c.obj
 .debug_aranges
                0x00000020       0x58 CMakeFiles/timer.elf.dir/Core/Src/main.c.obj
 .debug_aranges
                0x00000078       0x20 CMakeFiles/timer.elf.dir/Core/Src/stm32f1xx_hal_msp.c.obj
 .debug_aranges
                0x00000098       0x78 CMakeFiles/timer.elf.dir/Core/Src/stm32f1xx_it.c.obj
 .debug_aranges
                0x00000110       0x28 CMakeFiles/timer.elf.dir/Core/Src/system_stm32f1xx.c.obj
 .debug_aranges
                0x00000138       0x40 CMakeFiles/timer.elf.dir/Core/Src/tim.c.obj
 .debug_aranges
                0x00000178       0x28 CMakeFiles/timer.elf.dir/Core/Startup/startup_stm32f103cbtx.s.obj
 .debug_aranges
                0x000001a0       0xe0 CMakeFiles/timer.elf.dir/Drivers/STM32F1xx_HAL_Driver/Src/stm32f1xx_hal.c.obj
 .debug_aranges
                0x00000280       0x90 CMakeFiles/timer.elf.dir/Drivers/STM32F1xx_HAL_Driver/Src/stm32f1xx_hal_cortex.c.obj
 .debug_aranges
                0x00000310       0x58 CMakeFiles/timer.elf.dir/Drivers/STM32F1xx_HAL_Driver/Src/stm32f1xx_hal_gpio.c.obj
 .debug_aranges
                0x00000368       0x90 CMakeFiles/timer.elf.dir/Drivers/STM32F1xx_HAL_Driver/Src/stm32f1xx_hal_rcc.c.obj
 .debug_aranges
                0x000003f8      0x3d0 CMakeFiles/timer.elf.dir/Drivers/STM32F1xx_HAL_Driver/Src/stm32f1xx_hal_tim.c.obj
 .debug_aranges
                0x000007c8      0x168 CMakeFiles/timer.elf.dir/Drivers/STM32F1xx_HAL_Driver/Src/stm32f1xx_hal_tim_ex.c.obj

.debug_ranges   0x00000000      0x8e8
 .debug_ranges  0x00000000       0x10 CMakeFiles/timer.elf.dir/Core/Src/gpio.c.obj
 .debug_ranges  0x00000010       0x48 CMakeFiles/timer.elf.dir/Core/Src/main.c.obj
 .debug_ranges  0x00000058       0x10 CMakeFiles/timer.elf.dir/Core/Src/stm32f1xx_hal_msp.c.obj
 .debug_ranges  0x00000068       0x68 CMakeFiles/timer.elf.dir/Core/Src/stm32f1xx_it.c.obj
 .debug_ranges  0x000000d0       0x18 CMakeFiles/timer.elf.dir/Core/Src/system_stm32f1xx.c.obj
 .debug_ranges  0x000000e8       0x30 CMakeFiles/timer.elf.dir/Core/Src/tim.c.obj
 .debug_ranges  0x00000118       0x20 CMakeFiles/timer.elf.dir/Core/Startup/startup_stm32f103cbtx.s.obj
 .debug_ranges  0x00000138       0xd0 CMakeFiles/timer.elf.dir/Drivers/STM32F1xx_HAL_Driver/Src/stm32f1xx_hal.c.obj
 .debug_ranges  0x00000208       0xe0 CMakeFiles/timer.elf.dir/Drivers/STM32F1xx_HAL_Driver/Src/stm32f1xx_hal_cortex.c.obj
 .debug_ranges  0x000002e8       0x48 CMakeFiles/timer.elf.dir/Drivers/STM32F1xx_HAL_Driver/Src/stm32f1xx_hal_gpio.c.obj
 .debug_ranges  0x00000330       0xa0 CMakeFiles/timer.elf.dir/Drivers/STM32F1xx_HAL_Driver/Src/stm32f1xx_hal_rcc.c.obj
 .debug_ranges  0x000003d0      0x3c0 CMakeFiles/timer.elf.dir/Drivers/STM32F1xx_HAL_Driver/Src/stm32f1xx_hal_tim.c.obj
 .debug_ranges  0x00000790      0x158 CMakeFiles/timer.elf.dir/Drivers/STM32F1xx_HAL_Driver/Src/stm32f1xx_hal_tim_ex.c.obj

.debug_line     0x00000000     0x9712
 .debug_line    0x00000000      0x263 CMakeFiles/timer.elf.dir/Core/Src/gpio.c.obj
 .debug_line    0x00000263      0x744 CMakeFiles/timer.elf.dir/Core/Src/main.c.obj
 .debug_line    0x000009a7      0x18a CMakeFiles/timer.elf.dir/Core/Src/stm32f1xx_hal_msp.c.obj
 .debug_line    0x00000b31      0x369 CMakeFiles/timer.elf.dir/Core/Src/stm32f1xx_it.c.obj
 .debug_line    0x00000e9a      0x25a CMakeFiles/timer.elf.dir/Core/Src/system_stm32f1xx.c.obj
 .debug_line    0x000010f4      0x4f0 CMakeFiles/timer.elf.dir/Core/Src/tim.c.obj
 .debug_line    0x000015e4       0xa4 CMakeFiles/timer.elf.dir/Core/Startup/startup_stm32f103cbtx.s.obj
 .debug_line    0x00001688      0x582 CMakeFiles/timer.elf.dir/Drivers/STM32F1xx_HAL_Driver/Src/stm32f1xx_hal.c.obj
 .debug_line    0x00001c0a      0x66d CMakeFiles/timer.elf.dir/Drivers/STM32F1xx_HAL_Driver/Src/stm32f1xx_hal_cortex.c.obj
 .debug_line    0x00002277      0x617 CMakeFiles/timer.elf.dir/Drivers/STM32F1xx_HAL_Driver/Src/stm32f1xx_hal_gpio.c.obj
 .debug_line    0x0000288e      0xc60 CMakeFiles/timer.elf.dir/Drivers/STM32F1xx_HAL_Driver/Src/stm32f1xx_hal_rcc.c.obj
 .debug_line    0x000034ee     0x4692 CMakeFiles/timer.elf.dir/Drivers/STM32F1xx_HAL_Driver/Src/stm32f1xx_hal_tim.c.obj
 .debug_line    0x00007b80     0x1b92 CMakeFiles/timer.elf.dir/Drivers/STM32F1xx_HAL_Driver/Src/stm32f1xx_hal_tim_ex.c.obj

.debug_str      0x00000000     0x2e33
 .debug_str     0x00000000      0x567 CMakeFiles/timer.elf.dir/Core/Src/gpio.c.obj
                                0x5b2 (size before relaxing)
 .debug_str     0x00000567      0x73e CMakeFiles/timer.elf.dir/Core/Src/main.c.obj
                                0x9c3 (size before relaxing)
 .debug_str     0x00000ca5       0x49 CMakeFiles/timer.elf.dir/Core/Src/stm32f1xx_hal_msp.c.obj
                                0x229 (size before relaxing)
 .debug_str     0x00000cee      0x134 CMakeFiles/timer.elf.dir/Core/Src/stm32f1xx_it.c.obj
                                0x7a2 (size before relaxing)
 .debug_str     0x00000e22       0x9b CMakeFiles/timer.elf.dir/Core/Src/system_stm32f1xx.c.obj
                                0x28c (size before relaxing)
 .debug_str     0x00000ebd      0x22b CMakeFiles/timer.elf.dir/Core/Src/tim.c.obj
                                0xc87 (size before relaxing)
 .debug_str     0x000010e8       0x53 CMakeFiles/timer.elf.dir/Core/Startup/startup_stm32f103cbtx.s.obj
                                 0x85 (size before relaxing)
 .debug_str     0x0000113b      0x321 CMakeFiles/timer.elf.dir/Drivers/STM32F1xx_HAL_Driver/Src/stm32f1xx_hal.c.obj
                                0x85c (size before relaxing)
 .debug_str     0x0000145c      0x3c5 CMakeFiles/timer.elf.dir/Drivers/STM32F1xx_HAL_Driver/Src/stm32f1xx_hal_cortex.c.obj
                                0x90b (size before relaxing)
 .debug_str     0x00001821      0x111 CMakeFiles/timer.elf.dir/Drivers/STM32F1xx_HAL_Driver/Src/stm32f1xx_hal_gpio.c.obj
                                0x438 (size before relaxing)
 .debug_str     0x00001932      0x211 CMakeFiles/timer.elf.dir/Drivers/STM32F1xx_HAL_Driver/Src/stm32f1xx_hal_rcc.c.obj
                                0x663 (size before relaxing)
 .debug_str     0x00001b43      0xdaf CMakeFiles/timer.elf.dir/Drivers/STM32F1xx_HAL_Driver/Src/stm32f1xx_hal_tim.c.obj
                               0x1670 (size before relaxing)
 .debug_str     0x000028f2      0x541 CMakeFiles/timer.elf.dir/Drivers/STM32F1xx_HAL_Driver/Src/stm32f1xx_hal_tim_ex.c.obj
                                0xe71 (size before relaxing)

.comment        0x00000000       0x49
 .comment       0x00000000       0x49 CMakeFiles/timer.elf.dir/Core/Src/gpio.c.obj
                                 0x4a (size before relaxing)
 .comment       0x00000049       0x4a CMakeFiles/timer.elf.dir/Core/Src/main.c.obj
 .comment       0x00000049       0x4a CMakeFiles/timer.elf.dir/Core/Src/stm32f1xx_hal_msp.c.obj
 .comment       0x00000049       0x4a CMakeFiles/timer.elf.dir/Core/Src/stm32f1xx_it.c.obj
 .comment       0x00000049       0x4a CMakeFiles/timer.elf.dir/Core/Src/system_stm32f1xx.c.obj
 .comment       0x00000049       0x4a CMakeFiles/timer.elf.dir/Core/Src/tim.c.obj
 .comment       0x00000049       0x4a CMakeFiles/timer.elf.dir/Drivers/STM32F1xx_HAL_Driver/Src/stm32f1xx_hal.c.obj
 .comment       0x00000049       0x4a CMakeFiles/timer.elf.dir/Drivers/STM32F1xx_HAL_Driver/Src/stm32f1xx_hal_cortex.c.obj
 .comment       0x00000049       0x4a CMakeFiles/timer.elf.dir/Drivers/STM32F1xx_HAL_Driver/Src/stm32f1xx_hal_gpio.c.obj
 .comment       0x00000049       0x4a CMakeFiles/timer.elf.dir/Drivers/STM32F1xx_HAL_Driver/Src/stm32f1xx_hal_rcc.c.obj
 .comment       0x00000049       0x4a CMakeFiles/timer.elf.dir/Drivers/STM32F1xx_HAL_Driver/Src/stm32f1xx_hal_tim.c.obj
 .comment       0x00000049       0x4a CMakeFiles/timer.elf.dir/Drivers/STM32F1xx_HAL_Driver/Src/stm32f1xx_hal_tim_ex.c.obj

.debug_frame    0x00000000     0x195c
 .debug_frame   0x00000000       0x38 CMakeFiles/timer.elf.dir/Core/Src/gpio.c.obj
 .debug_frame   0x00000038       0xcc CMakeFiles/timer.elf.dir/Core/Src/main.c.obj
 .debug_frame   0x00000104       0x28 CMakeFiles/timer.elf.dir/Core/Src/stm32f1xx_hal_msp.c.obj
 .debug_frame   0x0000012c       0xf0 CMakeFiles/timer.elf.dir/Core/Src/stm32f1xx_it.c.obj
 .debug_frame   0x0000021c       0x30 CMakeFiles/timer.elf.dir/Core/Src/system_stm32f1xx.c.obj
 .debug_frame   0x0000024c       0xa8 CMakeFiles/timer.elf.dir/Core/Src/tim.c.obj
 .debug_frame   0x000002f4      0x1cc CMakeFiles/timer.elf.dir/Drivers/STM32F1xx_HAL_Driver/Src/stm32f1xx_hal.c.obj
 .debug_frame   0x000004c0      0x118 CMakeFiles/timer.elf.dir/Drivers/STM32F1xx_HAL_Driver/Src/stm32f1xx_hal_cortex.c.obj
 .debug_frame   0x000005d8       0xe4 CMakeFiles/timer.elf.dir/Drivers/STM32F1xx_HAL_Driver/Src/stm32f1xx_hal_gpio.c.obj
 .debug_frame   0x000006bc      0x190 CMakeFiles/timer.elf.dir/Drivers/STM32F1xx_HAL_Driver/Src/stm32f1xx_hal_rcc.c.obj
 .debug_frame   0x0000084c      0xb18 CMakeFiles/timer.elf.dir/Drivers/STM32F1xx_HAL_Driver/Src/stm32f1xx_hal_tim.c.obj
 .debug_frame   0x00001364      0x40c CMakeFiles/timer.elf.dir/Drivers/STM32F1xx_HAL_Driver/Src/stm32f1xx_hal_tim_ex.c.obj
 .debug_frame   0x00001770       0x2c c:/coding/c/gcc-arm-none-eabi-10.3-2021.10/bin/../lib/gcc/arm-none-eabi/10.3.1/../../../../arm-none-eabi/lib/thumb/v7-m/nofp\libg.a(lib_a-init.o)
 .debug_frame   0x0000179c       0x2c c:/coding/c/gcc-arm-none-eabi-10.3-2021.10/bin/../lib/gcc/arm-none-eabi/10.3.1/../../../../arm-none-eabi/lib/thumb/v7-m/nofp\libg.a(lib_a-memset.o)
 .debug_frame   0x000017c8       0x5c c:/coding/c/gcc-arm-none-eabi-10.3-2021.10/bin/../lib/gcc/arm-none-eabi/10.3.1/../../../../arm-none-eabi/lib/thumb/v7-m/nofp\libg.a(lib_a-__call_atexit.o)
 .debug_frame   0x00001824       0x20 c:/coding/c/gcc-arm-none-eabi-10.3-2021.10/bin/../lib/gcc/arm-none-eabi/10.3.1/../../../../arm-none-eabi/lib/thumb/v7-m/nofp\libg.a(lib_a-atexit.o)
 .debug_frame   0x00001844       0x34 c:/coding/c/gcc-arm-none-eabi-10.3-2021.10/bin/../lib/gcc/arm-none-eabi/10.3.1/../../../../arm-none-eabi/lib/thumb/v7-m/nofp\libg.a(lib_a-fini.o)
 .debug_frame   0x00001878       0xb0 c:/coding/c/gcc-arm-none-eabi-10.3-2021.10/bin/../lib/gcc/arm-none-eabi/10.3.1/../../../../arm-none-eabi/lib/thumb/v7-m/nofp\libg.a(lib_a-lock.o)
 .debug_frame   0x00001928       0x34 c:/coding/c/gcc-arm-none-eabi-10.3-2021.10/bin/../lib/gcc/arm-none-eabi/10.3.1/../../../../arm-none-eabi/lib/thumb/v7-m/nofp\libg.a(lib_a-__atexit.o)

.debug_loc      0x00000000     0x7928
 .debug_loc     0x00000000      0x188 CMakeFiles/timer.elf.dir/Core/Src/main.c.obj
 .debug_loc     0x00000188       0xff CMakeFiles/timer.elf.dir/Core/Src/system_stm32f1xx.c.obj
 .debug_loc     0x00000287      0x100 CMakeFiles/timer.elf.dir/Core/Src/tim.c.obj
 .debug_loc     0x00000387      0x141 CMakeFiles/timer.elf.dir/Drivers/STM32F1xx_HAL_Driver/Src/stm32f1xx_hal.c.obj
 .debug_loc     0x000004c8      0x71f CMakeFiles/timer.elf.dir/Drivers/STM32F1xx_HAL_Driver/Src/stm32f1xx_hal_cortex.c.obj
 .debug_loc     0x00000be7      0x47d CMakeFiles/timer.elf.dir/Drivers/STM32F1xx_HAL_Driver/Src/stm32f1xx_hal_gpio.c.obj
 .debug_loc     0x00001064      0x63e CMakeFiles/timer.elf.dir/Drivers/STM32F1xx_HAL_Driver/Src/stm32f1xx_hal_rcc.c.obj
 .debug_loc     0x000016a2     0x47a8 CMakeFiles/timer.elf.dir/Drivers/STM32F1xx_HAL_Driver/Src/stm32f1xx_hal_tim.c.obj
 .debug_loc     0x00005e4a     0x1ade CMakeFiles/timer.elf.dir/Drivers/STM32F1xx_HAL_Driver/Src/stm32f1xx_hal_tim_ex.c.obj
